=== Edge Case Tests for Nested Struct Initialization ===

Test 1: Maximum depth nesting (5 levels)
  All depth levels: PASSED

Test 2: Multiple members of same type
  Multiple members: PASSED

Test 3: Empty struct handling
  Empty struct: PASSED

Test 4: Modification and independence
  Independence: PASSED

Test 5: Sequential initialization
  Sequential: PASSED

=== All Edge Case Tests Passed! ===
